
> ideathon-registration@0.1.0 build
> react-scripts build

Creating an optimized production build...
Failed to compile.

Module not found: Error: Can't resolve 'qrcode.react' in '/Users/elliothong/Desktop/School/HooHacks/ideathon-registration/src/user'


